---
source: src/ui.rs
assertion_line: 7589
expression: "render(&with(search(\"\", Vec::new()))).backend()"
---
"  ⌕                                                      │                                          "
"                                                         │                                          "
" Projects                      │ Workspaces              │                                          "
"                               │                         │                                          "
"▌ cornercase (1)               │                         │                                          "
"  notes (1)                    │                         │                                          "
"                               │                         │                                          "
"  + New                        │                         │                                          "
"                               │                         │                                          "
"                               │                         │                                          "
"                               │                         │                                          "
"                               │                         │                                          "
"                               │                         │                                          "
"                               │                         │                                          "
" ───────────────────────────── │                         │                                          "
"  Settings                     │                         │                                          "
"  Usage                        │                         │                                          "
"  Quit                         │                         │                                          "
