---
source: src/ui.rs
expression: render_small(&v).backend()
---
"                                                                                "
"   ≡     cornercase › feat/login › claude                            ☐      ⌕   "
"                                                                                "
"                                                                                "
"                                                                                "
" ‹ projects    cornercase                                                       "
"                                                                                "
"                                                                                "
"                                                                                "
"  feat/login                                                           ↓12      "
"                                                                                "
"                                                                                "
"  ▌ claude                                                                      "
"                                                                                "
"                                                                                "
"    nvim                                                                        "
"                                                                                "
"                                                                                "
"    + tab                                                                       "
"                                                                                "
"                                                                                "
"                                                                                "
"  ↓ 2 more                                                                      "
"                                                                                "
"  + new workspace                                                               "
"                                                                                "
"                                                                                "
"                                                                                "
"                                                                                "
"                                                                                "
