---
source: src/ui.rs
assertion_line: 8348
expression: "render_sized(&shown(Sidebar::ProjectsOnTop, entries()), W,\nTALL.height).backend()"
---
"  ⌕ search projects, workspa…  │                                                                    "
"                               │                                                                    "
" Projects                      │                                                                    "
"                               │                                                                    "
"  cornercase (1)               │                                                                    "
"▌ website (1)                  │                                                                    "
"  ↓ 1 more                     │                                                                    "
"  + New                        │                                                                    "
" ───────────────────────────── │                                                                    "
" Workspaces                    │                                                                    "
"                               │                                                                    "
"  default                      │                                                                    "
"▌ ├ codex                      │                                                                    "
"  └ + Tab                      │                                                                    "
"                               │                             no tab open                            "
"  + New workspace              │                      + Tab opens a shell here                      "
" ───────────────────────────── │                                                                    "
" Agents                        │                                                                    "
"                               │                                                                    "
"  ! cornercase › issue-98-rem… │                                                                    "
"    claude · Opus 5.5 · 23%    │                                                                    "
"▌ ◐ website                    │                                                                    "
"▌   codex · gpt-5.5 · 41%      │                                                                    "
"  ↓ 1 more                     │                                                                    "
" ───────────────────────────── │                                                                    "
"  Issues                       │                                                                    "
"  Files                  TODO  │                                                                    "
"  Settings                     │                                                                    "
"  Usage                        │                                                                    "
"  Quit                         │                                                                    "
