---
source: src/ui.rs
assertion_line: 4609
expression: "render_sized(&v, W, TALL.height).backend()"
---
"  ⌕ search pro │  no tab open                                                                       "
"               │                                                                                    "
" projects      │                                                                                    "
"               │                                                                                    "
"  ▸ no… (1)    │                                                                                    "
"               │                                                                                    "
"  ▾ ● work     │                                                                                    "
"    ▾ corn…    │                                                                                    "
"      ▾ ma…    │                                                                                    "
"      ▌ ◐ claud│                                                                                    "
"          23%  │                                                                                    "
"        zsh    │                                                                                    "
"        + tab  │                                                                                    "
"      ▸ issue-5│                                                                                    "
"      + new wor│                                                                                    "
"    ▸ api (1)  │                                                                                    "
"               │                                                                                    "
"  + new project│                                                                                    "
"               │                                                                                    "
"               │                                                                                    "
"               │                                                                                    "
"               │                                                                                    "
"               │                                                                                    "
"               │                                                                                    "
" ───────────── │                                                                                    "
"  issues       │                                                                                    "
"         todo  │                                                                                    "
"  settings     │                                                                                    "
"  usage        │                                                                                    "
"  quit         │                                                                                    "
