---
source: src/ui.rs
assertion_line: 7008
expression: render(&v).backend()
---
"  ⌕ search projects, workspaces, tabs                    │ $ echo hello                             "
"                                                         │ hello                                    "
" Projects                      │ Workspaces              │ $                                        "
"                               │                         │                                          "
"▌ ~ (1)                        │                         │                                          "
"                               │                         │                                          "
"  + New                        │                         │                                          "
"                               │                         │                                          "
"                               │                         │                                          "
"                               │                         │                                          "
"                               │                         │                                          "
"                               │                         │                                          "
"                               │                         │                                          "
"                               │                         │                                          "
" ───────────────────────────── │                         │                ╭───────────────────────╮ "
"  Settings                     │                         │                │ ✓ copied to clipboard │ "
"  Usage                        │                         │                ╰───────────────────────╯ "
"  Quit                         │                         │                                          "
