---
source: src/ui.rs
expression: render(&with(i)).backend()
---
"  ⌕ search projects, workspaces, tabs                    │                                          "
"  ╭─ issues · shop ──────────────────────────────────────────────────────────────────────────────╮  "
" p│  All   GitHub   Shortcut   Linear                                    [ ] closed    [x] mine  │  "
"  │                                                                                              │  "
"▌ │ › API token •••                                                                              │  "
"  │                                                                                              │  "
"  │  Connect Shortcut.                                                                           │  "
"  │                                                                                              │  "
"  │  Paste a token.                                                                              │  "
"  │                                                                                              │  "
"  │                                                                                              │  "
"  │                                                                                              │  "
"  │                                                                                              │  "
"  │                                                                                              │  "
" ─│ enter reads #482 · start works on it in its own worktree, on issue-482-returns               │  "
"  │                                                                            connect   cancel  │  "
"  ╰──────────────────────────────────────────────────────────────────────────────────────────────╯  "
"  quit                         │                         │                                          "
