---
source: src/ui.rs
expression: "render_sized(&v, W, TALL.height).backend()"
---
"  ⌕ search proje…  │                                                                                "
"                   │                                                                                "
" projects          │                                                                                "
"                   │                                                                                "
"  cornerca… (1)    │                                                                                "
"▌ website (1)      │                                                                                "
"  ↓ 1 more         │                                                                                "
"  + new            │                                                                                "
" ───────────────── │                                                                                "
" workspaces        │                                                                                "
"                   │                                                                                "
"  default          │                                                                                "
"▌ ├ codex          │                                                                                "
"  └ + tab          │                                                                                "
"                   │                                   no tab open                                  "
"  + new workspace  │                            + tab opens a shell here                            "
" ───────────────── │                                                                                "
" agents            │                                                                                "
"                   │                                                                                "
"  ! cornercase     │                                                                                "
"    claude · 23%   │                                                                                "
"▌ ◐ website        │                                                                                "
"▌   codex · 41%    │                                                                                "
"  ↓ 1 more         │                                                                                "
" ───────────────── │                                                                                "
"  issues           │                                                                                "
"  files      todo  │                                                                                "
"  settings         │                                                                                "
"  usage            │                                                                                "
"  quit             │                                                                                "
