---
source: src/ui.rs
assertion_line: 8519
expression: render(&with_bar()).backend()
---
"  ⌕ search projects, workspaces, tabs                    │  ◐ claude      › zsh      +              "
"                                                         │  Opus 5.5 · 15%                          "
" Projects                      │ Workspaces              │                                          "
"                               │                         │                                          "
"▌ cornercase (1)               │  main                   │                                          "
"                               │                         │                                          "
"  + New                        │  + New workspace        │                                          "
"                               │                         │                                          "
"                               │                         │                                          "
"                               │                         │                no tab open               "
"                               │                         │         + Tab opens a shell here         "
"                               │                         │                                          "
"                               │                         │                                          "
"                               │                         │                                          "
" ───────────────────────────── │                         │                                          "
"  Settings                     │                         │                                          "
"  Usage                        │  Files            TODO  │                                          "
"  Quit                         │                         │                                          "
