---
source: src/ui.rs
expression: render(&with(p)).backend()
---
"  ⌕ search projects, workspaces, tabs                    │                                          "
"              ╭─ new workspace ──────────────────────────────────────────────────────╮              "
" projects     │ › ~/projects/zzz                                                     │              "
"              │                                                                      │              "
"▌ cornercase (│  no matches                                                          │              "
"              │                                                                      │              "
"  + new projec│                                                                      │              "
"              │                                                                      │              "
"              │                                                                      │              "
"              │                                                                      │              "
"              │                                                                      │              "
"              │                                                                      │              "
"              │                                                                      │              "
"              │                                                                      │              "
" ─────────────│                                                                      │              "
"  settings    │                                                       open   cancel  │              "
"  usage       ╰──────────────────────────────────────────────────────────────────────╯              "
"  quit                         │                         │                                          "
