---
source: src/ui.rs
assertion_line: 4538
expression: "render_sized(&with_panel(), 140, 16).backend()"
---
"  ⌕ search projects, workspaces, tabs                    │                                          │  Uncommitted   Commits   All    ⌕  ×  "
"                                                         │                                          │ reading changes…                      "
" Projects                      │ Workspaces              │                                          │                                       "
"                               │                         │                                          │                                       "
"▌ shop (1)                     │  main                   │                                          │                                       "
"                               │▌ ├ › zsh                │                                          │                                       "
"  + New                        │  └ + Tab                │                                          │                                       "
"                               │                         │                no tab open               │                                       "
"                               │  + New workspace        │         + Tab opens a shell here         │                                       "
"                               │                         │                                          │                                       "
"                               │                         │                                          │                                       "
"                               │                         │                                          │                                       "
" ───────────────────────────── │ ─────────────────────── │                                          │                                       "
"  Settings                     │  Issues      Changes 3  │                                          │                                       "
"  Usage                        │  Files            TODO  │                                          │ ───────────────────────────────────── "
"  Quit                         │                         │                                          │                                       "
