---
source: src/ui.rs
assertion_line: 6463
expression: render(&with_details(opus(17))).backend()
---
"  ⌕ search projects, workspaces, tabs                    │                                          "
"                                                         │                                          "
" Projects                      │ Workspaces              │                                          "
"                               │                         │                                          "
"▌ shop (1)                     │  login                  │                                          "
"                               │▌ ├ ◐ claude             │                                          "
"  + New                        │▌ │   Opus 5.5 · 17%     │                                          "
"                               │  ├ › nvim               │                                          "
"                               │  └ + Tab                │                no tab open               "
"                               │                         │         + Tab opens a shell here         "
"                               │  + New workspace        │                                          "
"                               │                         │                                          "
"                               │                         │                                          "
"                               │                         │                                          "
" ───────────────────────────── │                         │                                          "
"  Settings                     │                         │                                          "
"  Usage                        │  Files            TODO  │                                          "
"  Quit                         │                         │                                          "
