---
source: src/ui.rs
expression: render(&v).backend()
---
"  ⌕ search projects, workspaces, tabs                    │ $ left              │ $ top              "
"                                                         │                     │                    "
" projects                      │ workspaces              │                     │                    "
"                               │                         │                     │                    "
"▌ ~ (1)                        │                         │                     │                    "
"                               │                         │                     │                    "
"  + new                        │                         │                     │                    "
"                               │                         │                     │                    "
"                               │                         │                     │                    "
"                               │                         │                     ├────────────────────"
"                               │                         │                     │ $ bottom           "
"                               │                         │                     │                    "
"                               │                         │                     │                    "
"                               │                         │                     │                    "
" ───────────────────────────── │                         │                     │                    "
"  settings                     │                         │                     │                    "
"  usage                        │                         │                     │                    "
"  quit                         │                         │                     │                    "
