---
source: src/ui.rs
assertion_line: 5771
expression: "render_small(&with_groups(in_a_project(Some(Nav::Projects)))).backend()"
---
"                                                                                "
"   ≡     shop › feat/login › claude                           ▤      ☐      ⌕   "
"                                                                                "
"                                                                                "
"                                                                                "
" Projects                                                                       "
"                                                                                "
"                                                                                "
"                                                                                "
"  cornercase (1)                                                          ⋯  ×  "
"                                                                                "
"                                                                                "
"                                                                                "
"  ▾ ● work                                                                ⋯  ×  "
"                                                                                "
"▌                                                                               "
"▌   shop (1)                                                              ⋯  ×  "
"▌                                                                               "
"                                                                                "
"                                                                                "
"  + New                                                                         "
"                                                                                "
"                                                                                "
"                                                                                "
"                                                                                "
"                                                                                "
" ────────────────────────────────────────────────────────────────────────────── "
"                                                                                "
"  Settings                   Usage                     Quit                     "
"                                                                                "
