---
source: src/ui.rs
assertion_line: 6143
expression: render(&with_workspaces(Some(0))).backend()
---
"  ⌕ search projects, workspaces, tabs                    │                                          "
"                                                         │                                          "
" Projects                      │ Workspaces              │                                          "
"                               │                         │                                          "
"▌ cornercase (1)               │  login                  │                                          "
"                               │▌ ├ claude               │                                          "
"  + New                        │  ├ nvim                 │                                          "
"                               │  └ + Tab                │                                          "
"                               │                         │                no tab open               "
"                               │  main                   │         + Tab opens a shell here         "
"                               │  ├ zsh                  │                                          "
"                               │  └ + Tab                │                                          "
"                               │                         │                                          "
"                               │  + New workspace        │                                          "
" ───────────────────────────── │                         │                                          "
"  Settings                     │                         │                                          "
"  Usage                        │  Files            TODO  │                                          "
"  Quit                         │                         │                                          "
