---
source: src/ui.rs
expression: "render_sized(&with_lists(Sidebar::ProjectsOnTop), W, TALL.height).backend()"
---
"  ⌕ search projects, workspace │  no tab open                                                       "
"                               │                                                                    "
" projects                      │                                                                    "
"                               │                                                                    "
"▌ tmp (1)                      │                                                                    "
"  cornercase (1)               │                                                                    "
"                               │                                                                    "
"  ▾ ● work                     │                                                                    "
"    api (1)                    │                                                                    "
"                               │                                                                    "
"  + new project                │                                                                    "
"                               │                                                                    "
" ───────────────────────────── │                                                                    "
" workspaces                    │                                                                    "
"                               │                                                                    "
"  login                        │                                                                    "
"  ▌ claude                     │                                                                    "
"    nvim                       │                                                                    "
"    + tab                      │                                                                    "
"                               │                                                                    "
"  main                         │                                                                    "
"    zsh                        │                                                                    "
"  ↓ more                       │                                                                    "
"  + new workspace              │                                                                    "
" ───────────────────────────── │                                                                    "
"  issues                       │                                                                    "
"                         todo  │                                                                    "
"  settings                     │                                                                    "
"  usage                        │                                                                    "
"  quit                         │                                                                    "
