---
source: src/ui.rs
expression: "render_sized(&view, SMALL.width, SMALL.height).backend()"
---
"                                                                                "
"   ≡     shop › login › claude                                       ☐      ⌕   "
"                                                                                "
"                                                                                "
"                                                                                "
" ‹ projects    shop                                                             "
"                                                                                "
"                                                                                "
"                                                                                "
"  login                                                                         "
"                                                                                "
"                                                                                "
"  ▌ ◐ claude                                                                    "
"      Opus 5.5 · 17% · 1.2 GB                                                   "
"                                                                                "
"    nvim                                                                        "
"                                                                                "
"                                                                                "
"    + tab                                                                       "
"                                                                                "
"                                                                                "
"                                                                                "
"  + new workspace                                                               "
"                                                                                "
"                                                                                "
"                                                                                "
"                                                                                "
"                                                                                "
"                                                                                "
"                                                                                "
