---
source: src/ui.rs
expression: "render(&with(Overlay::Form(form(None)))).backend()"
---
"  ⌕ search projects, workspaces, tabs                    │                                          "
"                                                         │                                          "
" projects                      │ workspaces              │                                          "
"                               │                         │                                          "
"▌ cornercase (1)  ╭─ new worktree ───────────────────────────────────────────────╮                  "
"                  │ branch                                                       │                  "
"  + new project   │ › feat/login                                                 │                  "
"                  │ in ~/.cornercase/worktrees/cornercase/feat-login             │                  "
"                  │                                                              │                  "
"                  │                                                              │                  "
"                  │                                                              │                  "
"                  │                                                              │                  "
"                  │                                             create   cancel  │                  "
"                  ╰──────────────────────────────────────────────────────────────╯                  "
" ───────────────────────────── │                         │                                          "
"  settings                     │                         │                                          "
"  usage                        │                         │                                          "
"  quit                         │                         │                                          "
