---
source: src/ui.rs
expression: render(&with_agents()).backend()
---
"  ⌕ search projects, workspaces, tabs                    │                                          "
"                                                         │                                          "
" projects                      │ workspaces              │                                          "
"                               │                         │                                          "
"▌ shop (1)              !      │  login        ! ↓2      │                                          "
"  api (1)               ✓      │▌ ├ ◐ claude             │                                          "
"                               │  ├ ! claude             │                                          "
"  ▸ ● work (2)          !      │  ├ nvim                 │                                          "
"                               │  └ + tab                │                no tab open               "
"  + new                        │                         │         + tab opens a shell here         "
"                               │  main            ✓      │                                          "
"                               │  ├ ✓ claude             │                                          "
"                               │  ↓ 1 more               │                                          "
"                               │  + new workspace        │                                          "
" ───────────────────────────── │                         │                                          "
"  settings                     │                         │                                          "
"  usage                        │  files            todo  │                                          "
"  quit                         │                         │                                          "
