---
source: src/ui.rs
expression: "render_sized(&with_panel(), 140, 16).backend()"
---
"  ⌕ search projects, workspaces, tabs                    │                                          │  uncommitted   commits   all    ⌕  ×  "
"                                                         │                                          │ reading changes…                      "
" projects                      │ workspaces              │                                          │                                       "
"                               │                         │                                          │                                       "
"▌ shop (1)                     │  main                   │                                          │                                       "
"                               │▌ ├ zsh                  │                                          │                                       "
"  + new                        │  └ + tab                │                                          │                                       "
"                               │                         │                no tab open               │                                       "
"                               │  + new workspace        │         + tab opens a shell here         │                                       "
"                               │                         │                                          │                                       "
"                               │                         │                                          │                                       "
"                               │                         │                                          │                                       "
" ───────────────────────────── │ ─────────────────────── │                                          │                                       "
"  settings                     │  issues      changes 3  │                                          │                                       "
"  usage                        │  files            todo  │                                          │ ───────────────────────────────────── "
"  quit                         │                         │                                          │                                       "
