---
source: src/ui.rs
expression: "render_sized(&with_lists(Sidebar::WorkspacesOnTop), W, TALL.height).backend()"
---
"  ⌕ search projects, workspa…  │                                                                    "
"                               │                                                                    "
" workspaces                    │                                                                    "
"                               │                                                                    "
"  login                        │                                                                    "
"▌ ├ claude                     │                                                                    "
"  ├ nvim                       │                                                                    "
"  └ + tab                      │                                                                    "
"                               │                                                                    "
"  main                         │                                                                    "
"  ↓ 1 more                     │                                                                    "
"  + new workspace              │                                                                    "
" ───────────────────────────── │                                                                    "
" projects                      │                                                                    "
"                               │                             no tab open                            "
"▌ tmp (1)                      │                      + tab opens a shell here                      "
"  cornercase (1)               │                                                                    "
"                               │                                                                    "
"  ▾ ● work                     │                                                                    "
"    api (1)                    │                                                                    "
"                               │                                                                    "
"  + new                        │                                                                    "
"                               │                                                                    "
"                               │                                                                    "
" ───────────────────────────── │                                                                    "
"  issues                       │                                                                    "
"  files                  todo  │                                                                    "
"  settings                     │                                                                    "
"  usage                        │                                                                    "
"  quit                         │                                                                    "
