---
source: src/ui.rs
expression: "render_sized(&v, W, 6).backend()"
---
"  ⌕ search projects, workspaces, tabs                    │ $ top                                    "
"                                                         │                                          "
" projects                      │ workspaces              │                                          "
"                               │                         │                                          "
"  + new                        │                         │                                          "
"  settings                     │                         │                                          "
