---
source: src/ui.rs
assertion_line: 7223
expression: render(&with(p)).backend()
---
"  ⌕ search projects, workspaces, tabs                    │                                          "
"              ╭─ New workspace ──────────────────────────────────────────────────────╮              "
" Projects     │ › ~/projects/zzz                                                     │              "
"              │                                                                      │              "
"▌ cornercase (│  no matches                                                          │              "
"              │                                                                      │              "
"  + New       │                                                                      │              "
"              │                                                                      │              "
"              │                                                                      │              "
"              │                                                                      │              "
"              │                                                                      │              "
"              │                                                                      │              "
"              │                                                                      │              "
"              │                                                                      │              "
" ─────────────│                                                                      │              "
"  Settings    │                                                       open   cancel  │              "
"  Usage       ╰──────────────────────────────────────────────────────────────────────╯              "
"  Quit                         │                         │                                          "
