---
source: src/ui.rs
expression: "render(&with(Settings { pick: Some(pick), ..agents })).backend()"
---
"  ⌕ search projects, workspaces, tabs                    │                                          "
"  ╭─ settings ───────────────────────────────────────────────────────────────────────────────────╮  "
" p│  Worktrees   Agents   Issues   TUI                                                           │  "
"  │                                                                                              │  "
"▌ │ › How should claude start? pl                                                                │  "
"  │                                                                                              │  "
"  │ ▌plan                             --permission-mode plan                                     │  "
"  │  skip permissions (dangerous)     --dangerously-skip-permissions                             │  "
"  │                                                                                              │  "
"  │                                                                                              │  "
"  │                                                                                              │  "
"  │                                                                                              │  "
"  │                                                                                              │  "
"  │                                                                                              │  "
" ─│ enter changes the selected setting                                                           │  "
"  │                                                                                        done  │  "
"  ╰──────────────────────────────────────────────────────────────────────────────────────────────╯  "
"  quit                         │                         │                                          "
