---
source: src/ui.rs
expression: render(&view).backend()
---
"  ⌕ search projects, workspaces, tabs                    │                                          "
"                                                         │                                          "
" projects                      │ workspaces              │                                          "
"                               │                         │                                          "
"▌ shop (1)                     │  login                  │                                          "
"                               │▌ ├ ◐ opencode           │                                          "
"  + new                        │▌ │   DeepSeek V4… · 12% │                                          "
"                               │  ├ nvim                 │                                          "
"                               │  └ + tab                │                no tab open               "
"                               │                         │         + tab opens a shell here         "
"                               │  + new workspace        │                                          "
"                               │                         │                                          "
"                               │                         │                                          "
"                               │                         │                                          "
" ───────────────────────────── │                         │                                          "
"  settings                     │                         │                                          "
"  usage                        │  files            todo  │                                          "
"  quit                         │                         │                                          "
