---
source: src/ui.rs
assertion_line: 6765
expression: "render(&with(Overlay::Confirm(confirm))).backend()"
---
"  ⌕ search projects, workspaces, tabs                    │                                          "
"                                                         │                                          "
" Projects                      │ Workspaces              │                                          "
"                               │                         │                                          "
"▌ cornercase (1)  ╭─ Remove workspace ───────────────────────────────────────────╮                  "
"                  │ Remove the workspace login and delete its worktree folder    │                  "
"  + New           │ ~/wt/login? The branch is kept.                              │                  "
"                  │                                                              │                  "
"                  │                                                              │                  "
"                  │ contains modified or untracked files, use --force to delete  │                  "
"                  │ it                                                           │                  "
"                  │                                                              │                  "
"                  │                                      remove anyway   cancel  │                  "
"                  ╰──────────────────────────────────────────────────────────────╯                  "
" ───────────────────────────── │                         │                                          "
"  Settings                     │                         │                                          "
"  Usage                        │                         │                                          "
"  Quit                         │                         │                                          "
