---
source: src/ui.rs
expression: "render(&with(Overlay::Update(update))).backend()"
---
"  ⌕ search projects, workspaces, tabs                    │                                          "
"              ╭─ update ─────────────────────────────────────────────────────────────╮              "
" projects     │ cornercase 9.0.0 is out (you have 0.1.0). Updating replaces          │              "
"              │ ~/.local/bin/cornercase; your terminals keep running until you       │              "
"▌ cornercase (│ restart.                                                             │              "
"              │                                                                      │              "
"  + new projec│ • change 31                                                          │              "
"              │ • change 32                                                          │              "
"              │ • change 33                                                          │              "
"              │ • change 34                                                          │              "
"              │ • change 35                                                          │              "
"              │ • change 36                                                          │              "
"              │ • change 37                                                          │              "
"              │ • change 38                                                          │              "
" ─────────────│ downloading…                                                         │              "
"  settings    │                                                     update   cancel  │              "
"  usage       ╰──────────────────────────────────────────────────────────────────────╯              "
"  quit                         │                         │                                          "
