---
source: src/ui.rs
expression: "render_sized(&with_tree(), W, TALL.height).backend()"
---
"  ⌕ search projects, workspa…  │                                                                    "
"                               │                                                                    "
" projects                      │                                                                    "
"                               │                                                                    "
"  ▸ notes (1)                  │                                                                    "
"                               │                                                                    "
"  ▾ ● work                     │                                                                    "
"    ▾ cornercase               │                                                                    "
"      ▾ main                   │                                                                    "
"▌     ├ ◐ claude               │                                                                    "
"▌     │   Opus 5.5 · 23%       │                                                                    "
"      ├ zsh                    │                                                                    "
"      └ + tab                  │                                                                    "
"      ▸ issue-50-reor… ✓ ↓2    │                                                                    "
"      + new workspace          │                             no tab open                            "
"    ▸ api (1)             !    │                      + tab opens a shell here                      "
"                               │                                                                    "
"  + new project                │                                                                    "
"                               │                                                                    "
"                               │                                                                    "
"                               │                                                                    "
"                               │                                                                    "
"                               │                                                                    "
"                               │                                                                    "
" ───────────────────────────── │                                                                    "
"  issues                       │                                                                    "
"  files                  todo  │                                                                    "
"  settings                     │                                                                    "
"  usage                        │                                                                    "
"  quit                         │                                                                    "
