---
source: src/ui.rs
expression: "render_sized(&shown(Sidebar::ProjectsOnTop, Vec::new()), W,\nTALL.height).backend()"
---
"  ⌕ search projects, workspa…  │                                                                    "
"                               │                                                                    "
" projects                      │                                                                    "
"                               │                                                                    "
"  cornercase (1)               │                                                                    "
"▌ website (1)                  │                                                                    "
"  ↓ 1 more                     │                                                                    "
"  + new project                │                                                                    "
" ───────────────────────────── │                                                                    "
" workspaces                    │                                                                    "
"                               │                                                                    "
"  default                      │                                                                    "
"▌ ├ codex                      │                                                                    "
"  └ + tab                      │                                                                    "
"                               │                             no tab open                            "
"  + new workspace              │                      + tab opens a shell here                      "
" ───────────────────────────── │                                                                    "
" agents                        │                                                                    "
"                               │                                                                    "
"  no agents running            │                                                                    "
"                               │                                                                    "
"                               │                                                                    "
"                               │                                                                    "
"                               │                                                                    "
" ───────────────────────────── │                                                                    "
"  issues                       │                                                                    "
"  files                  todo  │                                                                    "
"  settings                     │                                                                    "
"  usage                        │                                                                    "
"  quit                         │                                                                    "
