---
source: src/ui.rs
expression: render(&with_workspaces(Some(0))).backend()
---
"  ⌕ search projects, workspaces, tabs                    │                                          "
"                                                         │                                          "
" projects                      │ workspaces              │                                          "
"                               │                         │                                          "
"▌ cornercase (1)               │  login                  │                                          "
"                               │▌ ├ claude               │                                          "
"  + new project                │  ├ nvim                 │                                          "
"                               │  └ + tab                │                                          "
"                               │                         │                no tab open               "
"                               │  main                   │         + tab opens a shell here         "
"                               │  ├ zsh                  │                                          "
"                               │  └ + tab                │                                          "
"                               │                         │                                          "
"                               │  + new workspace        │                                          "
" ───────────────────────────── │                         │                                          "
"  settings                     │                         │                                          "
"  usage                        │                   todo  │                                          "
"  quit                         │                         │                                          "
