---
source: src/ui.rs
expression: "render_sized(&with_todo(), 140, 18).backend()"
---
"  ⌕ search projects, workspaces, tabs                    │                                          │ todo 2                clear done   ×  "
"                                                         │                                          │                                       "
" projects                      │ workspaces              │                                          │  ○  fix the login bug in safari       "
"                               │                         │                                          │  ○  renew the domain                  "
"▌ shop (1)                     │  main                   │                                          │  ✓  write docs                        "
"                               │▌ ├ zsh                  │                                          │                                       "
"  + new project                │  └ + tab                │                                          │  + new todo                           "
"                               │                         │                                          │                                       "
"                               │  + new workspace        │                no tab open               │                                       "
"                               │                         │         + tab opens a shell here         │                                       "
"                               │                         │                                          │                                       "
"                               │                         │                                          │                                       "
"                               │                         │                                          │                                       "
"                               │                         │                                          │                                       "
" ───────────────────────────── │ ─────────────────────── │                                          │                                       "
"  settings                     │  issues      changes 3  │                                          │                                       "
"  usage                        │  files            todo  │                                          │                                       "
"  quit                         │                         │                                          │                                       "
