---
source: src/ui.rs
expression: "render_sized(&shown(Sidebar::SideBySide, entries()), W, TALL.height).backend()"
---
"  ⌕ search projects, workspaces, tabs                    │                                          "
"                                                         │                                          "
" projects                      │ workspaces              │                                          "
"                               │                         │                                          "
"  cornercase (1)               │  default                │                                          "
"▌ website (1)                  │▌ ├ codex                │                                          "
"  api (1)                      │  └ + tab                │                                          "
"                               │                         │                                          "
"  + new                        │  + new workspace        │                                          "
"                               │                         │                                          "
"                               │                         │                                          "
"                               │                         │                                          "
"                               │                         │                                          "
"                               │                         │                                          "
"                               │                         │                no tab open               "
"                               │                         │         + tab opens a shell here         "
"                               │                         │                                          "
"                               │                         │                                          "
" ───────────────────────────── │                         │                                          "
" agents                        │                         │                                          "
"                               │                         │                                          "
"  ! cornercase › issue-98-rem… │                         │                                          "
"    claude · Opus 5.5 · 23%    │                         │                                          "
"▌ ◐ website                    │                         │                                          "
"▌   codex · gpt-5.5 · 41%      │                         │                                          "
"  ↓ 1 more                     │                         │                                          "
" ───────────────────────────── │ ─────────────────────── │                                          "
"  settings                     │  issues                 │                                          "
"  usage                        │  files            todo  │                                          "
"  quit                         │                         │                                          "
