---
source: src/ui.rs
assertion_line: 5759
expression: "render_small(&in_a_project(Some(Nav::Workspaces))).backend()"
---
"                                                                                "
"   ≡     cornercase › feat/login › claude                     ▤      ☐      ⌕   "
"                                                                                "
"                                                                                "
"                                                                                "
" ‹ Projects    cornercase                                                       "
"                                                                                "
"                                                                                "
"                                                                                "
"  feat/login                                                              ⋯  ×  "
"  │                                                                             "
"▌ │                                                                             "
"▌ ├ › claude                                                              ⋯  ×  "
"▌ │                                                                             "
"  │                                                                             "
"  ├ › nvim                                                                ⋯  ×  "
"  │                                                                             "
"  │                                                                             "
"  └ + Tab                                                                       "
"                                                                                "
"                                                                                "
"                                                                                "
"  ↓ 2 more                                                                      "
"                                                                                "
"  + New workspace                                                               "
"                                                                                "
"                                                                                "
"                                                                                "
"                                                                                "
"                                                                                "
