---
source: src/ui.rs
assertion_line: 5737
expression: render(&v).backend()
---
"  ⌕ search projects, workspaces, tabs                    │                                          "
"                                                         │                                          "
" projects                      │ workspaces              │                                          "
"                               │                         │                                          "
"▌ cornercase (1)               │  login     removing…    │                                          "
"                               │  └                      │                                          "
"  + new project                │                         │                                          "
"                               │  main                   │                                          "
"                               │▌ ├ zsh                  │                no tab open               "
"                               │  └ + tab                │         + tab opens a shell here         "
"                               │                         │                                          "
"                               │  + new workspace        │                                          "
"                               │                         │                                          "
"                               │                         │                                          "
" ───────────────────────────── │                         │                                          "
"  settings                     │                         │                                          "
"  usage                        │  files            todo  │                                          "
"  quit                         │                         │                                          "
