---
source: src/ui.rs
assertion_line: 5572
expression: "render_sized(&grouped(1, true), W, TALL).backend()"
---
"  ⌕ search projects, workspaces, tabs                    │                                          "
"                                                         │                                          "
" Projects                      │ Workspaces              │                                          "
"                               │                         │                                          "
"  tmp (1)                      │  + New workspace        │                                          "
"                               │                         │                                          "
"▌ ▸ ● work (2)                 │                         │                                          "
"                               │                         │                                          "
"  ▾ ★ oss                      │                         │                                          "
"    cornercase (1)             │                         │                                          "
"                               │                         │                no tab open               "
"  + New                        │                         │         + Tab opens a shell here         "
"                               │                         │                                          "
"                               │                         │                                          "
"                               │                         │                                          "
"                               │                         │                                          "
"                               │                         │                                          "
"                               │                         │                                          "
" ───────────────────────────── │                         │                                          "
"  Settings                     │                         │                                          "
"  Usage                        │  Files            TODO  │                                          "
"  Quit                         │                         │                                          "
