---
source: src/ui.rs
expression: "render_sized(&with_panel(), 140, 16).backend()"
---
"  ⌕ search projects, workspaces, tabs                    │  no tab open                             │  uncommitted   commits   all    ⌕  ×  "
"                                                         │                                          │ reading changes…                      "
" projects                      │ workspaces              │                                          │                                       "
"                               │                         │                                          │                                       "
"▌ shop (1)                     │  main                   │                                          │                                       "
"                               │  ▌ zsh                  │                                          │                                       "
"  + new project                │    + tab                │                                          │                                       "
"                               │                         │                                          │                                       "
"                               │  + new workspace        │                                          │                                       "
"                               │                         │                                          │                                       "
"                               │                         │                                          │                                       "
"                               │                         │                                          │                                       "
" ───────────────────────────── │ ─────────────────────── │                                          │                                       "
"  settings                     │  issues      changes 3  │                                          │                                       "
"  usage                        │                   todo  │                                          │ ───────────────────────────────────── "
"  quit                         │                         │                                          │                                       "
