---
source: src/ui.rs
assertion_line: 6841
expression: render(&v).backend()
---
"  ⌕ search projects, workspaces, tabs                    │                                          "
"                                                         │                                          "
" Projects                      │ Workspaces              │                                          "
"                               │                         │                                          "
"▌ a-folder-with-a-re… (1)      │                         │                                          "
"                               │                         │                                          "
"  + New                        │                         │                                          "
"                               │                         │                                          "
"                               │                         │                                          "
"                               │                         │                                          "
"                               │                         │                                          "
"                               │                         │                                          "
"                               │                         │                                          "
"                               │                         │                                          "
" ───────────────────────────── │                         │                                          "
"  Settings                     │                         │                                          "
"  Usage                        │                         │                                          "
"  Quit                         │                         │                                          "
