---
source: src/ui.rs
assertion_line: 5306
expression: "render_sized(&v, W, TALL.height).backend()"
---
"  ⌕ search p…  │                                                                                    "
"               │                                                                                    "
" Projects      │                                                                                    "
"               │                                                                                    "
"  ▸ no… (1)    │                                                                                    "
"               │                                                                                    "
"  ▾ ● work     │                                                                                    "
"    ▾ corn…    │                                                                                    "
"      ▾ ma…    │                                                                                    "
"▌     ├ ◐ claud│                                                                                    "
"▌     │   23%  │                                                                                    "
"      ├ zsh    │                                                                                    "
"      └ + Tab  │                                                                                    "
"      ▸ issue-5│                                                                                    "
"      + New wor│                                     no tab open                                    "
"    ▸ api (1)  │                              + Tab opens a shell here                              "
"               │                                                                                    "
"  + New        │                                                                                    "
"               │                                                                                    "
"               │                                                                                    "
"               │                                                                                    "
"               │                                                                                    "
"               │                                                                                    "
"               │                                                                                    "
" ───────────── │                                                                                    "
"  Issues       │                                                                                    "
"  Files  TODO  │                                                                                    "
"  Settings     │                                                                                    "
"  Usage        │                                                                                    "
"  Quit         │                                                                                    "
