---
source: src/ui.rs
assertion_line: 4603
expression: "render_sized(&with_tree(), W, TALL.height).backend()"
---
"  ⌕ search projects, workspace │  no tab open                                                       "
"                               │                                                                    "
" projects                      │                                                                    "
"                               │                                                                    "
"  ▸ notes (1)                  │                                                                    "
"                               │                                                                    "
"  ▾ ● work                     │                                                                    "
"    ▾ cornercase               │                                                                    "
"      ▾ main                   │                                                                    "
"      ▌ ◐ claude               │                                                                    "
"          Opus 5.5 · 23%       │                                                                    "
"        zsh                    │                                                                    "
"        + tab                  │                                                                    "
"      ▸ issue-50-reor… ✓ ↓2    │                                                                    "
"      + new workspace          │                                                                    "
"    ▸ api (1)             !    │                                                                    "
"                               │                                                                    "
"  + new project                │                                                                    "
"                               │                                                                    "
"                               │                                                                    "
"                               │                                                                    "
"                               │                                                                    "
"                               │                                                                    "
"                               │                                                                    "
" ───────────────────────────── │                                                                    "
"  issues                       │                                                                    "
"                         todo  │                                                                    "
"  settings                     │                                                                    "
"  usage                        │                                                                    "
"  quit                         │                                                                    "
