---
source: src/ui.rs
expression: "render(&with(Overlay::Usage(usage()))).backend()"
---
"  ⌕ search projects, workspaces, tabs                    │                                          "
"                  ╭─ usage ──────────────────────────────────────────────────────╮                  "
" projects         │ Claude Code · max plan                        updated 2m ago │                  "
"                  │                                                              │                  "
"▌ cornercase (1)  │ session (5h)                           7% · resets in 2h 13m │                  "
"                  │ ━━━━━━━━━━━━━━━━━━━━━━━━━━━━━━━━━━━━━━━━━━━━━━━━━━━━━━━━━━━━ │                  "
"  + new project   │                                                              │                  "
"                  │ week                                   82% · resets in 3d 4h │                  "
"                  │ ━━━━━━━━━━━━━━━━━━━━━━━━━━━━━━━━━━━━━━━━━━━━━━━━━━━━━━━━━━━━ │                  "
"                  │                                                              │                  "
"                  │ week · Fable                                            100% │                  "
"                  │ ━━━━━━━━━━━━━━━━━━━━━━━━━━━━━━━━━━━━━━━━━━━━━━━━━━━━━━━━━━━━ │                  "
"                  │                                                              │                  "
"                  │ extra usage: 12.34 USD of 50.00 USD                          │                  "
" ─────────────────│                                                              │                  "
"  settings        │                                                        done  │                  "
"  usage           ╰──────────────────────────────────────────────────────────────╯                  "
"  quit                         │                         │                                          "
