---
source: src/ui.rs
assertion_line: 4569
expression: "render_sized(&with_todo(), 140, 18).backend()"
---
"  ⌕ search projects, workspaces, tabs                    │                                          │ TODO 2                clear done   ×  "
"                                                         │                                          │                                       "
" Projects                      │ Workspaces              │                                          │  ○  fix the login bug in safari       "
"                               │                         │                                          │  ○  renew the domain                  "
"▌ shop (1)                     │  main                   │                                          │  ✓  write docs                        "
"                               │▌ ├ › zsh                │                                          │                                       "
"  + New                        │  └ + Tab                │                                          │  + New TODO                           "
"                               │                         │                                          │                                       "
"                               │  + New workspace        │                no tab open               │                                       "
"                               │                         │         + Tab opens a shell here         │                                       "
"                               │                         │                                          │                                       "
"                               │                         │                                          │                                       "
"                               │                         │                                          │                                       "
"                               │                         │                                          │                                       "
" ───────────────────────────── │ ─────────────────────── │                                          │                                       "
"  Settings                     │  Issues      Changes 3  │                                          │                                       "
"  Usage                        │  Files            TODO  │                                          │                                       "
"  Quit                         │                         │                                          │                                       "
