---
source: src/ui.rs
assertion_line: 6151
expression: render(&v).backend()
---
"  ⌕ search projects, workspaces, tabs                    │                                          "
"                                                         │                                          "
" Projects                      │ Workspaces              │                                          "
"                               │                         │                                          "
"▌ cornercase (1)               │  login          ↓3  ⋯ × │                                          "
"                               │▌ ├ claude               │                                          "
"  + New                        │  ├ nvim                 │                                          "
"                               │  └ + Tab                │                                          "
"                               │                         │                no tab open               "
"                               │  main           ↓1      │         + Tab opens a shell here         "
"                               │  ├ zsh                  │                                          "
"                               │  └ + Tab                │                                          "
"                               │                         │                                          "
"                               │  + New workspace        │                                          "
" ───────────────────────────── │                         │                                          "
"  Settings                     │                         │                                          "
"  Usage                        │  Files            TODO  │                                          "
"  Quit                         │                         │                                          "
