---
source: src/ui.rs
assertion_line: 6846
expression: "render_sized(&view(&[]), W, 24).backend()"
---
"  ⌕ search projects, workspaces, tabs                    │                                          "
"                                                         │                                          "
" Projects                      │ Workspaces              │                                          "
"                               │                         │                                          "
"  + New                        │                         │                                          "
"                               │                         │                                          "
"                               │                         │                  █████████               "
"                               │                         │               ▄▄▄▀▀▀▀▀▀▀▀▀               "
"                               │                         │               ███                        "
"                               │                         │               ███   ██                   "
"                               │                         │               ███   ██                   "
"                               │                         │               ███   ▀▀                   "
"                               │                         │                                          "
"                               │                         │                cornercase                "
"                               │                         │       every agent in its own corner      "
"                               │                         │                                          "
"                               │                         │           + New opens a folder           "
"                               │                         │                                          "
"                               │                         │                                          "
"                               │                         │                                          "
" ───────────────────────────── │                         │                                          "
"  Settings                     │                         │                                          "
"  Usage                        │                         │                                          "
"  Quit                         │                         │                                          "
