---
source: src/ui.rs
expression: "render(&with(Overlay::Usage(usage))).backend()"
---
"  ⌕ search projects, workspaces, tabs                    │                                          "
"                                                         │                                          "
" projects                      │ workspaces              │                                          "
"                               │                         │                                          "
"▌ cornercase (1)  ╭─ usage ──────────────────────────────────────────────────────╮                  "
"                  │ Claude Code · max plan                              loading… │                  "
"  + new           │                                                              │                  "
"                  │ Codex                                                        │                  "
"                  │                                                              │                  "
"                  │ usage unavailable: could not run /opt/codex/bin/codex: No    │                  "
"                  │ such file or directory (os error 2)                          │                  "
"                  │                                                              │                  "
"                  │                                                        done  │                  "
"                  ╰──────────────────────────────────────────────────────────────╯                  "
" ───────────────────────────── │                         │                                          "
"  settings                     │                         │                                          "
"  usage                        │                         │                                          "
"  quit                         │                         │                                          "
