---
source: src/ui.rs
expression: "render_sized(&grouped(0, true), W, TALL).backend()"
---
"  ⌕ search projects, workspaces, tabs                    │  no tab open                             "
"                                                         │                                          "
" projects                      │ workspaces              │                                          "
"                               │                         │                                          "
"▌ tmp (1)                      │  + new workspace        │                                          "
"                               │                         │                                          "
"  ▸ ● work (2)                 │                         │                                          "
"                               │                         │                                          "
"  ▾ ★ oss                      │                         │                                          "
"    cornercase (1)             │                         │                                          "
"                               │                         │                                          "
"  + new project                │                         │                                          "
"                               │                         │                                          "
"                               │                         │                                          "
"                               │                         │                                          "
"                               │                         │                                          "
"                               │                         │                                          "
"                               │                         │                                          "
" ───────────────────────────── │                         │                                          "
"  settings                     │                         │                                          "
"  usage                        │                   todo  │                                          "
"  quit                         │                         │                                          "
