---
source: src/ui.rs
assertion_line: 5742
expression: render_small(&in_a_project(None)).backend()
---
"                                                                                "
"   ≡     cornercase › feat/login › claude                     ▤      ☐      ⌕   "
"                                                                                "
"                                                                                "
"                                                                                "
"                                                                                "
"                                                                                "
"                                                                                "
"                                                                                "
"                                                                                "
"                                                                                "
"                                                                                "
"                                                                                "
"                                                                                "
"                                                                                "
"                                   no tab open                                  "
"                            + Tab opens a shell here                            "
"                                                                                "
"                                                                                "
"                                                                                "
"                                                                                "
"                                                                                "
"                                                                                "
"                                                                                "
"                                                                                "
"                                                                                "
"                                                                                "
"                                                                                "
"                                                                                "
"                                                                                "
