---
source: src/ui.rs
expression: render(&with(picker(None))).backend()
---
"  ⌕ search projects, workspaces, tabs                    │                                          "
"              ╭─ new workspace ──────────────────────────────────────────────────────╮              "
" projects     │ › ~/projects/                                                        │              "
"              │                                                                      │              "
"▌ cornercase (│  ..                                                                  │              "
"              │  cornercase                                                    main  │              "
"  + new       │  notes                                                               │              "
"              │                                                                      │              "
"              │                                                                      │              "
"              │                                                                      │              "
"              │                                                                      │              "
"              │                                                                      │              "
"              │                                                                      │              "
"              │                                                                      │              "
" ─────────────│ enter opens ~/projects                                               │              "
"  settings    │                                                       open   cancel  │              "
"  usage       ╰──────────────────────────────────────────────────────────────────────╯              "
"  quit                         │                         │                                          "
