---
source: src/ui.rs
assertion_line: 5759
expression: "render_small(&in_a_project(Some(Nav::Projects))).backend()"
---
"                                                                                "
"   ≡     cornercase › feat/login › claude                     ▤      ☐      ⌕   "
"                                                                                "
"                                                                                "
"                                                                                "
" Projects                                                                       "
"                                                                                "
"                                                                                "
"▌                                                                               "
"▌ cornercase (1)                                                          ⋯  ×  "
"▌                                                                               "
"                                                                                "
"  shop (1)                                                                ⋯  ×  "
"                                                                                "
"                                                                                "
"                                                                                "
"  + New                                                                         "
"                                                                                "
"                                                                                "
"                                                                                "
"                                                                                "
"                                                                                "
"                                                                                "
"                                                                                "
"                                                                                "
"                                                                                "
" ────────────────────────────────────────────────────────────────────────────── "
"                                                                                "
"  Settings                   Usage                     Quit                     "
"                                                                                "
