---
source: src/ui.rs
expression: "render_sized(&view(&[]), W, 24).backend()"
---
"  ⌕ search projects, workspaces, tabs                    │                                          "
"                                                         │                                          "
" projects                      │ workspaces              │                                          "
"                               │                         │                                          "
"  + new project                │                         │                                          "
"                               │                         │                                          "
"                               │                         │                  █████████               "
"                               │                         │               ▄▄▄▀▀▀▀▀▀▀▀▀               "
"                               │                         │               ███                        "
"                               │                         │               ███   ██                   "
"                               │                         │               ███   ██                   "
"                               │                         │               ███   ▀▀                   "
"                               │                         │                                          "
"                               │                         │                cornercase                "
"                               │                         │       every agent in its own corner      "
"                               │                         │                                          "
"                               │                         │       + new project opens a folder       "
"                               │                         │                                          "
"                               │                         │                                          "
"                               │                         │                                          "
" ───────────────────────────── │                         │                                          "
"  settings                     │                         │                                          "
"  usage                        │                         │                                          "
"  quit                         │                         │                                          "
