---
source: src/ui.rs
assertion_line: 8385
expression: "render_sized(&v, SMALL.width, SMALL.height).backend()"
---
"                                                                                "
"   ≡     website › default › codex                            ▤      ☐      ⌕   "
"                                                                                "
"                                                                                "
"                                                                                "
" Projects                                                            Agents ›   "
"                                                                                "
"                                                                                "
"                                                                                "
"  cornercase (1)                                                          ⋯  ×  "
"                                                                                "
"▌                                                                               "
"▌ website (1)                                                             ⋯  ×  "
"▌                                                                               "
"                                                                                "
"  api (1)                                                                 ⋯  ×  "
"                                                                                "
"                                                                                "
"                                                                                "
"  + New                                                                         "
"                                                                                "
"                                                                                "
"                                                                                "
"                                                                                "
"                                                                                "
"                                                                                "
" ────────────────────────────────────────────────────────────────────────────── "
"                                                                                "
"  Settings                   Usage                     Quit                     "
"                                                                                "
