---
source: src/ui.rs
assertion_line: 6904
expression: "render_sized(&v, W, 6).backend()"
---
"  ⌕ search projects, workspaces, tabs                    │ $ top                                    "
"                                                         │                                          "
" Projects                      │ Workspaces              │                                          "
"                               │                         │                                          "
"  + New                        │                         │                                          "
"  Settings                     │                         │                                          "
