---
source: src/ui.rs
assertion_line: 4970
expression: "render_sized(&with_lists(Sidebar::WorkspacesOnTop), W, TALL.height).backend()"
---
"  ⌕ search projects, workspa…  │                                                                    "
"                               │                                                                    "
" Workspaces                    │                                                                    "
"                               │                                                                    "
"  login                        │                                                                    "
"▌ ├ claude                     │                                                                    "
"  ├ nvim                       │                                                                    "
"  └ + Tab                      │                                                                    "
"                               │                                                                    "
"  main                         │                                                                    "
"  ↓ 1 more                     │                                                                    "
"  + New workspace              │                                                                    "
" ───────────────────────────── │                                                                    "
" Projects                      │                                                                    "
"                               │                             no tab open                            "
"▌ tmp (1)                      │                      + Tab opens a shell here                      "
"  cornercase (1)               │                                                                    "
"                               │                                                                    "
"  ▾ ● work                     │                                                                    "
"    api (1)                    │                                                                    "
"                               │                                                                    "
"  + New                        │                                                                    "
"                               │                                                                    "
"                               │                                                                    "
" ───────────────────────────── │                                                                    "
"  Issues                       │                                                                    "
"  Files                  TODO  │                                                                    "
"  Settings                     │                                                                    "
"  Usage                        │                                                                    "
"  Quit                         │                                                                    "
