---
source: src/ui.rs
expression: "render_sized(&v, SMALL.width, SMALL.height).backend()"
---
"                                                                                "
"   ≡     website › default › codex                            ▤      ☐      ⌕   "
"                                                                                "
"                                                                                "
"                                                                                "
" projects                                                            agents ›   "
"                                                                                "
"                                                                                "
"                                                                                "
"  cornercase (1)                                                          ⋯  ×  "
"                                                                                "
"▌                                                                               "
"▌ website (1)                                                             ⋯  ×  "
"▌                                                                               "
"                                                                                "
"  api (1)                                                                 ⋯  ×  "
"                                                                                "
"                                                                                "
"                                                                                "
"  + new                                                                         "
"                                                                                "
"                                                                                "
"                                                                                "
"                                                                                "
"                                                                                "
"                                                                                "
" ────────────────────────────────────────────────────────────────────────────── "
"                                                                                "
"  settings                   usage                     quit                     "
"                                                                                "
