---
source: src/ui.rs
assertion_line: 6495
expression: "render_sized(&view, SMALL.width, SMALL.height).backend()"
---
"                                                                                "
"   ≡     shop › login › codex                                 ▤      ☐      ⌕   "
"                                                                                "
"                                                                                "
"                                                                                "
" ‹ Projects    shop                                                             "
"                                                                                "
"                                                                                "
"                                                                                "
"  login                                                                   ⋯  ×  "
"  │                                                                             "
"▌ │                                                                             "
"▌ ├ › codex                                                               ⋯  ×  "
"▌ │   gpt-5.4-mini                                                              "
"  │                                                                             "
"  ├ › nvim                                                                ⋯  ×  "
"  │                                                                             "
"  │                                                                             "
"  └ + Tab                                                                       "
"                                                                                "
"                                                                                "
"                                                                                "
"  + New workspace                                                               "
"                                                                                "
"                                                                                "
"                                                                                "
"                                                                                "
"                                                                                "
"                                                                                "
"                                                                                "
