---
source: src/ui.rs
assertion_line: 7153
expression: render(&v).backend()
---
"  ⌕ search projects, workspaces, tabs                    │                                          "
"                                                         │                                          "
" Projects                      │ Workspaces              │                                          "
"                               │                         │                                          "
"▌ cornercase (1)  ╭─ New worktree ───────────────────────────────────────────────╮                  "
"                  │ branch                                                       │                  "
"  + New           │ › feat/login                                                 │                  "
"                  │ in ~/.cornercase/worktrees/cornercase/feat-login             │                  "
"                  │                                                              │                  "
"                  │ a branch named 'feat/login' already exists                   │                  "
"                  │                                                              │                  "
"                  │                                                              │                  "
"                  │                                             create   cancel  │                  "
"                  ╰──────────────────────────────────────────────────────────────╯                  "
" ───────────────────────────── │                         │                                          "
"  Settings                     │                         │                                          "
"  Usage                        │                         │                                          "
"  Quit                         │                         │                                          "
