---
source: src/ui.rs
assertion_line: 5615
expression: "render(&styling('★', 99)).backend()"
---
"  ⌕ search projects, workspaces, tabs                    │                                          "
"                                                         │                                          "
" Projects                      │ Workspaces              │                                          "
"                               │                         │                                          "
"  tmp (1)         ╭─ work ───────────────────────────────────────────────────────╮                  "
"                  │ icon                                                         │                  "
"  ▾ ● work        │  ●  ◉  ◐  ◆  ■  ▲                                            │                  "
"▌   api (1)       │  ▼  ★  ✦  ♥  ♣  ♠                                            │                  "
"    web (1)       │ colour                                                       │pen               "
"                  │  ██  ██  ██  ██  ██  ██  ██  ██                              │hell here         "
"  ▾ ★ oss         │  ██  ██  ██  ██ [██] ██  ██  ██                              │                  "
"    cornercase (1)│                                                              │                  "
"                  │ ▾ ★ work                                               done  │                  "
"  + New           ╰──────────────────────────────────────────────────────────────╯                  "
" ───────────────────────────── │                         │                                          "
"  Settings                     │                         │                                          "
"  Usage                        │  Files            TODO  │                                          "
"  Quit                         │                         │                                          "
