---
source: src/ui.rs
expression: render(&v).backend()
---
"  ⌕ search projects, workspaces, tabs                    │                                          "
"                                                         │                                          "
" projects                      │ workspaces              │                                          "
"                               │                         │                                          "
"▌ cornercase (1)               │  login          ↓3  ⋯ × │                                          "
"                               │▌ ├ claude               │                                          "
"  + new                        │  ├ nvim                 │                                          "
"                               │  └ + tab                │                                          "
"                               │                         │                no tab open               "
"                               │  main           ↓1      │         + tab opens a shell here         "
"                               │  ├ zsh                  │                                          "
"                               │  └ + tab                │                                          "
"                               │                         │                                          "
"                               │  + new workspace        │                                          "
" ───────────────────────────── │                         │                                          "
"  settings                     │                         │                                          "
"  usage                        │  files            todo  │                                          "
"  quit                         │                         │                                          "
