---
source: src/ui.rs
expression: "render_sized(&v, SMALL.width, SMALL.height).backend()"
---
"                                                                                "
"   ≡     website › default › codex                            ▤      ☐      ⌕   "
"                                                                                "
"                                                                                "
"                                                                                "
" ‹ projects    agents                                                           "
"                                                                                "
"                                                                                "
"                                                                                "
"  ! cornercase › issue-98-remove-in-background                                  "
"    claude · Opus 5.5 · 23%                                                     "
"▌                                                                               "
"▌ ◐ website                                                                     "
"▌   codex · gpt-5.5 · 41%                                                       "
"                                                                                "
"  ✓ api › main                                                                  "
"    claude                                                                      "
"                                                                                "
"                                                                                "
"                                                                                "
"                                                                                "
"                                                                                "
"                                                                                "
"                                                                                "
"                                                                                "
"                                                                                "
"                                                                                "
"                                                                                "
"                                                                                "
"                                                                                "
