---
source: src/ui.rs
expression: "render_sized(&view, SMALL.width, SMALL.height).backend()"
---
"                                                                                "
"   ≡     shop › login › codex                                        ☐      ⌕   "
"                                                                                "
"                                                                                "
"                                                                                "
" ‹ projects    shop                                                             "
"                                                                                "
"                                                                                "
"                                                                                "
"  login                                                                      ×  "
"  │                                                                             "
"▌ │                                                                             "
"▌ ├ codex                                                                    ×  "
"▌ │ gpt-5.4-mini                                                                "
"  │                                                                             "
"  ├ nvim                                                                     ×  "
"  │                                                                             "
"  │                                                                             "
"  └ + tab                                                                       "
"                                                                                "
"                                                                                "
"                                                                                "
"  + new workspace                                                               "
"                                                                                "
"                                                                                "
"                                                                                "
"                                                                                "
"                                                                                "
"                                                                                "
"                                                                                "
