---
source: src/ui.rs
assertion_line: 7283
expression: render(&with(settings(1))).backend()
---
"  ⌕ search projects, workspaces, tabs                    │                                          "
"  ╭─ Settings ───────────────────────────────────────────────────────────────────────────────────╮  "
" P│  Worktrees   Agents   Issues   TUI                                                           │  "
"  │                                                                                              │  "
"▌ │ Accounts                                                                                     │  "
"  │   Shortcut API token        @ana in acme  saved                                              │  "
"  │ ▌ Linear API key            not connected  enter pastes one                                  │  "
"  │                                                                                              │  "
"  │ Sources shown                                                                                │  "
"  │   [x] All                   every source together                                            │  "
"  │   [x] GitHub                                                                                 │  "
"  │   [ ] Linear                                                                                 │  "
"  │                                                                                              │  "
"  │                                                                                              │  "
" ─│ enter changes the selected setting                                                           │  "
"  │                                                                              restart   done  │  "
"  ╰──────────────────────────────────────────────────────────────────────────────────────────────╯  "
"  Quit                         │                         │                                          "
