---
source: src/ui.rs
expression: render(&v).backend()
---
"  ⌕ search projects, workspaces, tabs                    │ $ echo hello                             "
"                                                         │ hello                                    "
" projects                      │ workspaces              │ $                                        "
"                               │                         │                                          "
"▌ ~ (1)                        │                         │                                          "
"                               │                         │                                          "
"  + new                        │                         │                                          "
"                               │                         │                                          "
"                               │                         │                                          "
"                               │                         │                                          "
"                               │                         │                                          "
"                               │                         │                                          "
"                               │                         │                                          "
"                               │                         │                                          "
" ───────────────────────────── │                         │                                          "
"  settings                     │                         │                                          "
"  usage                        │                         │                                          "
"  quit                         │                         │                                          "
