---
source: src/ui/remote.rs
assertion_line: 117
expression: "drawn(70, 12, &notice).backend()"
---
"                                                                      "
"                                                                      "
"     ╭─ Connection lost ────────────────────────────────────────╮     "
"     │                                                          │     "
"     │ reconnecting to devbox…                                  │     "
"     │ connecting…                                              │     "
"     │                                                          │     "
"     │                                                          │     "
"     │ its shells keep running on devbox                  quit  │     "
"     ╰──────────────────────────────────────────────────────────╯     "
"                                                                      "
"                                                                      "
