---
source: src/ui/todo.rs
assertion_line: 468
expression: t.backend()
---
" TODO 2                 clear done   ×  "
"                                        "
"  ○  fix the login bug in safari        "
"     when the cookie expires            "
"  ○  write docs                         "
"  ✓  renew the domain                   "
"                                        "
"  +  call the bank                      "
"                                        "
"                                        "
"                                        "
"                                        "
"                                        "
"                                        "
