---
source: src/ui/files.rs
assertion_line: 690
expression: render(&tree())
---
  Files  ~/projects/shop                     ×
  ⌕ text in the files                        ▤

  ▾ src                                      ●
    ▸ ui                                     ●
      main.rs                                M
▌     lib.rs
    README.md
