---
source: src/ui/todo.rs
assertion_line: 475
expression: "render(&v, None).backend()"
---
" TODO 2                 clear done   ×  "
"                                        "
" ────────────────────────────────────── "
"  ○  fix the login bug in safari        "
"     when the cookie expires            "
"  ○  write docs                         "
"  ✓  renew the domain                   "
"                                        "
"  + New TODO                            "
"                                        "
"                                        "
"                                        "
"                                        "
"                                        "
