---
source: src/ui/todo.rs
expression: t.backend()
---
" todo 2                 clear done   ×  "
"                                        "
" [ ] fix the login bug in safari        "
"     when the cookie expires            "
" [ ] write docs                         "
" [x] renew the domain                   "
"                                        "
"  +  call the bank                      "
"                                        "
"                                        "
"                                        "
"                                        "
"                                        "
"                                        "
